// Vitest Snapshot v1, https://vitest.dev/guide/snapshot.html

exports[`depth guidance and native justification plumbing > provides explicit guidance for depth 0 1`] = `"You are the root task (depth 0). You may delegate substantial, separable work to a child (depth 1), including implementation and testing in code mode when permitted by the caller. Children are not inherently read-only. Give each child clear file ownership to avoid conflicting edits. Execute small or straightforward work directly."`;

exports[`depth guidance and native justification plumbing > provides explicit guidance for depth 1 1`] = `"You are a child task (depth 1). Execute the assigned work directly and report to your parent. You may implement changes and run tests when your assigned mode and caller constraints allow; you are not inherently read-only. Do not create further subtasks by default. Only an exceptional need with a concrete reason and explicit per-action human approval can permit another level. Nested-subtask auto approval is not enabled. Never delegate to evade tool/file restrictions or caller constraints. If blocked or denied, finish here or report the limitation to your parent."`;

exports[`depth guidance and native justification plumbing > provides explicit guidance for depth 2 1`] = `"You are a child task (depth 2). Execute the assigned work directly and report to your parent. You may implement changes and run tests when your assigned mode and caller constraints allow; you are not inherently read-only. Do not create further subtasks by default. Only an exceptional need with a concrete reason and explicit per-action human approval can permit another level. Nested-subtask auto approval is not enabled. Never delegate to evade tool/file restrictions or caller constraints. If blocked or denied, finish here or report the limitation to your parent."`;

exports[`depth guidance and native justification plumbing > provides explicit guidance for depth undefined 1`] = `"Task ancestry could not be verified. Execute directly; delegation is blocked until durable ancestry is available."`;
